// Jest Snapshot v1, https://goo.gl/fbAQLP

exports[`<LoginPage /> should match snapshot 1`] = `
ShallowWrapper {
  Symbol(enzyme.__root__): [Circular],
  Symbol(enzyme.__unrendered__): <LoginPage
    authHostUrl="TEST_AUTH_URL"
    authRedirectUrl="TEST_REDIRECT_URL"
/>,
  Symbol(enzyme.__renderer__): Object {
    "batchedUpdates": [Function],
    "getNode": [Function],
    "render": [Function],
    "simulateError": [Function],
    "simulateEvent": [Function],
    "unmount": [Function],
  },
  Symbol(enzyme.__node__): Object {
    "instance": null,
    "key": undefined,
    "nodeType": "host",
    "props": Object {
      "children": Array [
        <div
          className="login-page__header"
>
          <img
                    alt="watch-tower-logo"
                    className="login-page__logo"
                    src="Logo-watchTower.svg"
          />
          <span
                    className="login-page__text-by"
          >
                    by
          </span>
          <img
                    alt="andela-logo"
                    className="login-page__logo"
                    src="Logo-andela.png"
          />
</div>,
        <div
          className="login-page__tagline text-center"
>
          <p
                    className="m-0"
          >
                    Tracking
          </p>
          <p>
                    DevPulse Ratings & LMS Scores
          </p>
</div>,
        <div
          style={
                    Object {
                              "marginTop": "40px",
                            }
          }
          title="Login with google"
>
          <a
                    className="login-page__btn"
                    href="TEST_AUTH_URL/login?redirect_url=TEST_REDIRECT_URL"
                    onClick={[Function]}
                    tabIndex={0}
          >
                    <img
                              alt="google-icon"
                              className="login-page__btn-logo"
                              src="icons8-google-48.png"
                    />
                    <span
                              className="login-page__line"
                    />
                    <span
                              className="login-page__btn-text"
                    >
                              LOGIN WITH GOOGLE
                    </span>
          </a>
</div>,
      ],
      "className": ".container-fluid text-center login-page",
    },
    "ref": null,
    "rendered": Array [
      Object {
        "instance": null,
        "key": undefined,
        "nodeType": "host",
        "props": Object {
          "children": Array [
            <img
              alt="watch-tower-logo"
              className="login-page__logo"
              src="Logo-watchTower.svg"
/>,
            <span
              className="login-page__text-by"
>
              by
</span>,
            <img
              alt="andela-logo"
              className="login-page__logo"
              src="Logo-andela.png"
/>,
          ],
          "className": "login-page__header",
        },
        "ref": null,
        "rendered": Array [
          Object {
            "instance": null,
            "key": undefined,
            "nodeType": "host",
            "props": Object {
              "alt": "watch-tower-logo",
              "className": "login-page__logo",
              "src": "Logo-watchTower.svg",
            },
            "ref": null,
            "rendered": null,
            "type": "img",
          },
          Object {
            "instance": null,
            "key": undefined,
            "nodeType": "host",
            "props": Object {
              "children": "by",
              "className": "login-page__text-by",
            },
            "ref": null,
            "rendered": "by",
            "type": "span",
          },
          Object {
            "instance": null,
            "key": undefined,
            "nodeType": "host",
            "props": Object {
              "alt": "andela-logo",
              "className": "login-page__logo",
              "src": "Logo-andela.png",
            },
            "ref": null,
            "rendered": null,
            "type": "img",
          },
        ],
        "type": "div",
      },
      Object {
        "instance": null,
        "key": undefined,
        "nodeType": "host",
        "props": Object {
          "children": Array [
            <p
              className="m-0"
>
              Tracking
</p>,
            <p>
              DevPulse Ratings & LMS Scores
</p>,
          ],
          "className": "login-page__tagline text-center",
        },
        "ref": null,
        "rendered": Array [
          Object {
            "instance": null,
            "key": undefined,
            "nodeType": "host",
            "props": Object {
              "children": "Tracking",
              "className": "m-0",
            },
            "ref": null,
            "rendered": "Tracking",
            "type": "p",
          },
          Object {
            "instance": null,
            "key": undefined,
            "nodeType": "host",
            "props": Object {
              "children": "DevPulse Ratings & LMS Scores",
            },
            "ref": null,
            "rendered": "DevPulse Ratings & LMS Scores",
            "type": "p",
          },
        ],
        "type": "div",
      },
      Object {
        "instance": null,
        "key": undefined,
        "nodeType": "host",
        "props": Object {
          "children": <a
            className="login-page__btn"
            href="TEST_AUTH_URL/login?redirect_url=TEST_REDIRECT_URL"
            onClick={[Function]}
            tabIndex={0}
>
            <img
                        alt="google-icon"
                        className="login-page__btn-logo"
                        src="icons8-google-48.png"
            />
            <span
                        className="login-page__line"
            />
            <span
                        className="login-page__btn-text"
            >
                        LOGIN WITH GOOGLE
            </span>
</a>,
          "style": Object {
            "marginTop": "40px",
          },
          "title": "Login with google",
        },
        "ref": null,
        "rendered": Object {
          "instance": null,
          "key": undefined,
          "nodeType": "host",
          "props": Object {
            "children": Array [
              <img
                alt="google-icon"
                className="login-page__btn-logo"
                src="icons8-google-48.png"
/>,
              <span
                className="login-page__line"
/>,
              <span
                className="login-page__btn-text"
>
                LOGIN WITH GOOGLE
</span>,
            ],
            "className": "login-page__btn",
            "href": "TEST_AUTH_URL/login?redirect_url=TEST_REDIRECT_URL",
            "onClick": [Function],
            "tabIndex": 0,
          },
          "ref": null,
          "rendered": Array [
            Object {
              "instance": null,
              "key": undefined,
              "nodeType": "host",
              "props": Object {
                "alt": "google-icon",
                "className": "login-page__btn-logo",
                "src": "icons8-google-48.png",
              },
              "ref": null,
              "rendered": null,
              "type": "img",
            },
            Object {
              "instance": null,
              "key": undefined,
              "nodeType": "host",
              "props": Object {
                "className": "login-page__line",
              },
              "ref": null,
              "rendered": null,
              "type": "span",
            },
            Object {
              "instance": null,
              "key": undefined,
              "nodeType": "host",
              "props": Object {
                "children": "LOGIN WITH GOOGLE",
                "className": "login-page__btn-text",
              },
              "ref": null,
              "rendered": "LOGIN WITH GOOGLE",
              "type": "span",
            },
          ],
          "type": "a",
        },
        "type": "div",
      },
    ],
    "type": "main",
  },
  Symbol(enzyme.__nodes__): Array [
    Object {
      "instance": null,
      "key": undefined,
      "nodeType": "host",
      "props": Object {
        "children": Array [
          <div
            className="login-page__header"
>
            <img
                        alt="watch-tower-logo"
                        className="login-page__logo"
                        src="Logo-watchTower.svg"
            />
            <span
                        className="login-page__text-by"
            >
                        by
            </span>
            <img
                        alt="andela-logo"
                        className="login-page__logo"
                        src="Logo-andela.png"
            />
</div>,
          <div
            className="login-page__tagline text-center"
>
            <p
                        className="m-0"
            >
                        Tracking
            </p>
            <p>
                        DevPulse Ratings & LMS Scores
            </p>
</div>,
          <div
            style={
                        Object {
                                    "marginTop": "40px",
                                  }
            }
            title="Login with google"
>
            <a
                        className="login-page__btn"
                        href="TEST_AUTH_URL/login?redirect_url=TEST_REDIRECT_URL"
                        onClick={[Function]}
                        tabIndex={0}
            >
                        <img
                                    alt="google-icon"
                                    className="login-page__btn-logo"
                                    src="icons8-google-48.png"
                        />
                        <span
                                    className="login-page__line"
                        />
                        <span
                                    className="login-page__btn-text"
                        >
                                    LOGIN WITH GOOGLE
                        </span>
            </a>
</div>,
        ],
        "className": ".container-fluid text-center login-page",
      },
      "ref": null,
      "rendered": Array [
        Object {
          "instance": null,
          "key": undefined,
          "nodeType": "host",
          "props": Object {
            "children": Array [
              <img
                alt="watch-tower-logo"
                className="login-page__logo"
                src="Logo-watchTower.svg"
/>,
              <span
                className="login-page__text-by"
>
                by
</span>,
              <img
                alt="andela-logo"
                className="login-page__logo"
                src="Logo-andela.png"
/>,
            ],
            "className": "login-page__header",
          },
          "ref": null,
          "rendered": Array [
            Object {
              "instance": null,
              "key": undefined,
              "nodeType": "host",
              "props": Object {
                "alt": "watch-tower-logo",
                "className": "login-page__logo",
                "src": "Logo-watchTower.svg",
              },
              "ref": null,
              "rendered": null,
              "type": "img",
            },
            Object {
              "instance": null,
              "key": undefined,
              "nodeType": "host",
              "props": Object {
                "children": "by",
                "className": "login-page__text-by",
              },
              "ref": null,
              "rendered": "by",
              "type": "span",
            },
            Object {
              "instance": null,
              "key": undefined,
              "nodeType": "host",
              "props": Object {
                "alt": "andela-logo",
                "className": "login-page__logo",
                "src": "Logo-andela.png",
              },
              "ref": null,
              "rendered": null,
              "type": "img",
            },
          ],
          "type": "div",
        },
        Object {
          "instance": null,
          "key": undefined,
          "nodeType": "host",
          "props": Object {
            "children": Array [
              <p
                className="m-0"
>
                Tracking
</p>,
              <p>
                DevPulse Ratings & LMS Scores
</p>,
            ],
            "className": "login-page__tagline text-center",
          },
          "ref": null,
          "rendered": Array [
            Object {
              "instance": null,
              "key": undefined,
              "nodeType": "host",
              "props": Object {
                "children": "Tracking",
                "className": "m-0",
              },
              "ref": null,
              "rendered": "Tracking",
              "type": "p",
            },
            Object {
              "instance": null,
              "key": undefined,
              "nodeType": "host",
              "props": Object {
                "children": "DevPulse Ratings & LMS Scores",
              },
              "ref": null,
              "rendered": "DevPulse Ratings & LMS Scores",
              "type": "p",
            },
          ],
          "type": "div",
        },
        Object {
          "instance": null,
          "key": undefined,
          "nodeType": "host",
          "props": Object {
            "children": <a
              className="login-page__btn"
              href="TEST_AUTH_URL/login?redirect_url=TEST_REDIRECT_URL"
              onClick={[Function]}
              tabIndex={0}
>
              <img
                            alt="google-icon"
                            className="login-page__btn-logo"
                            src="icons8-google-48.png"
              />
              <span
                            className="login-page__line"
              />
              <span
                            className="login-page__btn-text"
              >
                            LOGIN WITH GOOGLE
              </span>
</a>,
            "style": Object {
              "marginTop": "40px",
            },
            "title": "Login with google",
          },
          "ref": null,
          "rendered": Object {
            "instance": null,
            "key": undefined,
            "nodeType": "host",
            "props": Object {
              "children": Array [
                <img
                  alt="google-icon"
                  className="login-page__btn-logo"
                  src="icons8-google-48.png"
/>,
                <span
                  className="login-page__line"
/>,
                <span
                  className="login-page__btn-text"
>
                  LOGIN WITH GOOGLE
</span>,
              ],
              "className": "login-page__btn",
              "href": "TEST_AUTH_URL/login?redirect_url=TEST_REDIRECT_URL",
              "onClick": [Function],
              "tabIndex": 0,
            },
            "ref": null,
            "rendered": Array [
              Object {
                "instance": null,
                "key": undefined,
                "nodeType": "host",
                "props": Object {
                  "alt": "google-icon",
                  "className": "login-page__btn-logo",
                  "src": "icons8-google-48.png",
                },
                "ref": null,
                "rendered": null,
                "type": "img",
              },
              Object {
                "instance": null,
                "key": undefined,
                "nodeType": "host",
                "props": Object {
                  "className": "login-page__line",
                },
                "ref": null,
                "rendered": null,
                "type": "span",
              },
              Object {
                "instance": null,
                "key": undefined,
                "nodeType": "host",
                "props": Object {
                  "children": "LOGIN WITH GOOGLE",
                  "className": "login-page__btn-text",
                },
                "ref": null,
                "rendered": "LOGIN WITH GOOGLE",
                "type": "span",
              },
            ],
            "type": "a",
          },
          "type": "div",
        },
      ],
      "type": "main",
    },
  ],
  Symbol(enzyme.__options__): Object {
    "adapter": ReactSixteenAdapter {
      "options": Object {
        "enableComponentDidUpdateOnSetState": true,
        "lifecycles": Object {
          "componentDidUpdate": Object {
            "onSetState": true,
          },
          "getDerivedStateFromProps": true,
          "getSnapshotBeforeUpdate": true,
          "setState": Object {
            "skipsComponentDidUpdateOnNullish": true,
          },
        },
      },
    },
    "attachTo": undefined,
    "hydrateIn": undefined,
  },
}
`;
